﻿
> jangpan-interior-app@0.0.0 build
> vite build

[36mvite v7.3.1 [32mbuilding client environment for production...[36m[39m
transforming...
[32m??[39m 40 modules transformed.
node.exe : [31m??[39m Build failed in 454ms
위치 줄:1 문자:1
+ & "C:\Program Files\nodejs/node.exe" "C:\Pro
gram Files\nodejs/node_mo ...
+ ~~~~~~~~~~~~~~~~~~~~~~~~~~~~~~~~~~~~~~~~~~~~
~~~~~~~~~~~~~~~~~~~~~~~~~
    + CategoryInfo          : NotSpecified: ( 
   [31m??[39m Build failed in 454ms:String)  
   [], RemoteException
    + FullyQualifiedErrorId : NativeCommandEr 
   ror
 
[31merror during build:
[31m[vite:esbuild] Transform failed with 2 er
rors:
C:/Users/Tim/Desktop/Dailyhousing/src/pages/Sh
oppingCartCheckout.jsx:147:14: ERROR: Unexpect
ed closing "nav" tag does not match opening "L
ink" tag
C:/Users/Tim/Desktop/Dailyhousing/src/pages/Sh
oppingCartCheckout.jsx:181:147: ERROR: Expecte
d ")" but found "lvt"[31m
file: [36mC:/Users/Tim/Desktop/Dailyhousing/s
rc/pages/ShoppingCartCheckout.jsx:147:14[31m
[33m
[33mUnexpected closing "nav" tag does not mat
ch opening "Link" tag[33m
145 |                  <span className="materi
al-symbols-outlined text-sm text-slate-400">ch
evron_right</span>
146 |                  <span className="text-s
late-900 dark:text-slate-100 font-medium">?占쎈컮
援щ땲</span>
147 |              </nav>
    |                ^
148 |              <h1 className="text-2xl sm:
text-3xl font-black mb-6 sm:mb-8 tracking-tigh
t">?占쎈컮援щ땲 占??占쎌쟾 寃곗젣</h1>
149 |              <div className="grid grid-c
ols-1 lg:grid-cols-3 gap-4 sm:gap-8">

[33mExpected ")" but found "lvt"[33m
179 |                                         
                 {(() => {
180 |                                         
                     const sub = item.product?
.subCategory || item.product?.ca...
181 |  ...owerCase().includes('?占??) || sub.to
LowerCase().includes('lvt') || sub.toLowerCase
().includes('?占쎈뵒??) || sub.toLow...
    |                                         
                        ^
182 |                                         
                     const isPrestige = sub.in
cludes('?占쎈젅?占쏀떚吏');
183 |                                         
                     
[31m
    at failureErrorWithLog (C:\Users\Tim\Deskt
op\Dailyhousing\node_modules\esbuild\lib\main.
js:1467:15)
    at C:\Users\Tim\Desktop\Dailyhousing\node_
modules\esbuild\lib\main.js:736:50
    at responseCallbacks.<computed> (C:\Users\
Tim\Desktop\Dailyhousing\node_modules\esbuild\
lib\main.js:603:9)
    at handleIncomingPacket (C:\Users\Tim\Desk
top\Dailyhousing\node_modules\esbuild\lib\main
.js:658:12)
    at Socket.readFromStdout (C:\Users\Tim\Des
ktop\Dailyhousing\node_modules\esbuild\lib\mai
n.js:581:7)
    at Socket.emit (node:events:508:28)
    at addChunk (node:internal/streams/readabl
e:559:12)
    at readableAddChunkPushByteMode (node:inte
rnal/streams/readable:510:3)
    at Readable.push (node:internal/streams/re
adable:390:5)
    at Pipe.onStreamRead (node:internal/stream
_base_commons:189:23)[39m
